// Vitest Snapshot v1, https://vitest.dev/guide/snapshot.html

exports[`Checkbox > should render component 1`] = `
{
  "asFragment": [Function],
  "baseElement": <body>
    <div>
      <label>
        <input
          aria-label="label"
          tabindex="-1"
          type="checkbox"
        />
        <div
          class="_checkbox_531f07 "
          tabindex="0"
        >
          <svg
            aria-hidden="true"
            fill="none"
            focusable="false"
            viewBox="0 0 15 11"
          >
            <path
              aria-label="checkmark"
              d="M1 4.5L5 9L14 1"
              stroke="none"
              stroke-width="3"
            />
          </svg>
        </div>
      </label>
    </div>
  </body>,
  "container": <div>
    <label>
      <input
        aria-label="label"
        tabindex="-1"
        type="checkbox"
      />
      <div
        class="_checkbox_531f07 "
        tabindex="0"
      >
        <svg
          aria-hidden="true"
          fill="none"
          focusable="false"
          viewBox="0 0 15 11"
        >
          <path
            aria-label="checkmark"
            d="M1 4.5L5 9L14 1"
            stroke="none"
            stroke-width="3"
          />
        </svg>
      </div>
    </label>
  </div>,
  "debug": [Function],
  "findAllByAltText": [Function],
  "findAllByDisplayValue": [Function],
  "findAllByLabelText": [Function],
  "findAllByPlaceholderText": [Function],
  "findAllByRole": [Function],
  "findAllByTestId": [Function],
  "findAllByText": [Function],
  "findAllByTitle": [Function],
  "findByAltText": [Function],
  "findByDisplayValue": [Function],
  "findByLabelText": [Function],
  "findByPlaceholderText": [Function],
  "findByRole": [Function],
  "findByTestId": [Function],
  "findByText": [Function],
  "findByTitle": [Function],
  "getAllByAltText": [Function],
  "getAllByDisplayValue": [Function],
  "getAllByLabelText": [Function],
  "getAllByPlaceholderText": [Function],
  "getAllByRole": [Function],
  "getAllByTestId": [Function],
  "getAllByText": [Function],
  "getAllByTitle": [Function],
  "getByAltText": [Function],
  "getByDisplayValue": [Function],
  "getByLabelText": [Function],
  "getByPlaceholderText": [Function],
  "getByRole": [Function],
  "getByTestId": [Function],
  "getByText": [Function],
  "getByTitle": [Function],
  "queryAllByAltText": [Function],
  "queryAllByDisplayValue": [Function],
  "queryAllByLabelText": [Function],
  "queryAllByPlaceholderText": [Function],
  "queryAllByRole": [Function],
  "queryAllByTestId": [Function],
  "queryAllByText": [Function],
  "queryAllByTitle": [Function],
  "queryByAltText": [Function],
  "queryByDisplayValue": [Function],
  "queryByLabelText": [Function],
  "queryByPlaceholderText": [Function],
  "queryByRole": [Function],
  "queryByTestId": [Function],
  "queryByText": [Function],
  "queryByTitle": [Function],
  "rerender": [Function],
  "unmount": [Function],
}
`;
