// Vitest Snapshot v1, https://vitest.dev/guide/snapshot.html

exports[`Check your answers > should render each section with a section header 1`] = `
{
  "asFragment": [Function],
  "baseElement": <body>
    <div>
      <div
        class="_container_f0f2f5"
      >
        <h3>
          Your details
        </h3>
        <div
          class="_row_f0f2f5"
        >
          <div
            class="_field_f0f2f5"
          >
            Name
          </div>
          <div
            aria-label="value-cell"
            class="_value_f0f2f5 "
          >
            First Last
          </div>
          <div
            aria-label="change-link-cell"
            class="_changeLink_f0f2f5 "
          >
            <button
              aria-label="change"
              class="_link_f8f296  "
            >
              Change
            </button>
          </div>
        </div>
        <div
          class="_row_f0f2f5"
        >
          <div
            class="_field_f0f2f5"
          >
            School
          </div>
          <div
            aria-label="value-cell"
            class="_value_f0f2f5 "
          >
            Test School - TE57 0NE
          </div>
          <div
            aria-label="change-link-cell"
            class="_changeLink_f0f2f5 "
          >
            <button
              aria-label="change"
              class="_link_f8f296  "
            >
              Change
            </button>
          </div>
        </div>
        <div
          class="_row_f0f2f5"
        >
          <div
            class="_field_f0f2f5"
          >
            Job title or role
          </div>
          <div
            aria-label="value-cell"
            class="_value_f0f2f5 "
          >
            Title
          </div>
          <div
            aria-label="change-link-cell"
            class="_changeLink_f0f2f5 "
          >
            <button
              aria-label="change"
              class="_link_f8f296  "
            >
              Change
            </button>
          </div>
        </div>
        <div
          class="_row_f0f2f5"
        >
          <div
            class="_field_f0f2f5"
          >
            Email
          </div>
          <div
            aria-label="value-cell"
            class="_value_f0f2f5 "
          >
            test@test.com
          </div>
          <div
            aria-label="change-link-cell"
            class="_changeLink_f0f2f5 "
          >
            <button
              aria-label="change"
              class="_link_f8f296  "
            >
              Change
            </button>
          </div>
        </div>
        <div
          class="_row_f0f2f5"
        >
          <div
            class="_field_f0f2f5"
          >
            Phone
          </div>
          <div
            aria-label="value-cell"
            class="_value_f0f2f5 "
          >
            +447777777777
          </div>
          <div
            aria-label="change-link-cell"
            class="_changeLink_f0f2f5 "
          >
            <button
              aria-label="change"
              class="_link_f8f296  "
            >
              Change
            </button>
          </div>
        </div>
      </div>
    </div>
  </body>,
  "container": <div>
    <div
      class="_container_f0f2f5"
    >
      <h3>
        Your details
      </h3>
      <div
        class="_row_f0f2f5"
      >
        <div
          class="_field_f0f2f5"
        >
          Name
        </div>
        <div
          aria-label="value-cell"
          class="_value_f0f2f5 "
        >
          First Last
        </div>
        <div
          aria-label="change-link-cell"
          class="_changeLink_f0f2f5 "
        >
          <button
            aria-label="change"
            class="_link_f8f296  "
          >
            Change
          </button>
        </div>
      </div>
      <div
        class="_row_f0f2f5"
      >
        <div
          class="_field_f0f2f5"
        >
          School
        </div>
        <div
          aria-label="value-cell"
          class="_value_f0f2f5 "
        >
          Test School - TE57 0NE
        </div>
        <div
          aria-label="change-link-cell"
          class="_changeLink_f0f2f5 "
        >
          <button
            aria-label="change"
            class="_link_f8f296  "
          >
            Change
          </button>
        </div>
      </div>
      <div
        class="_row_f0f2f5"
      >
        <div
          class="_field_f0f2f5"
        >
          Job title or role
        </div>
        <div
          aria-label="value-cell"
          class="_value_f0f2f5 "
        >
          Title
        </div>
        <div
          aria-label="change-link-cell"
          class="_changeLink_f0f2f5 "
        >
          <button
            aria-label="change"
            class="_link_f8f296  "
          >
            Change
          </button>
        </div>
      </div>
      <div
        class="_row_f0f2f5"
      >
        <div
          class="_field_f0f2f5"
        >
          Email
        </div>
        <div
          aria-label="value-cell"
          class="_value_f0f2f5 "
        >
          test@test.com
        </div>
        <div
          aria-label="change-link-cell"
          class="_changeLink_f0f2f5 "
        >
          <button
            aria-label="change"
            class="_link_f8f296  "
          >
            Change
          </button>
        </div>
      </div>
      <div
        class="_row_f0f2f5"
      >
        <div
          class="_field_f0f2f5"
        >
          Phone
        </div>
        <div
          aria-label="value-cell"
          class="_value_f0f2f5 "
        >
          +447777777777
        </div>
        <div
          aria-label="change-link-cell"
          class="_changeLink_f0f2f5 "
        >
          <button
            aria-label="change"
            class="_link_f8f296  "
          >
            Change
          </button>
        </div>
      </div>
    </div>
  </div>,
  "debug": [Function],
  "findAllByAltText": [Function],
  "findAllByDisplayValue": [Function],
  "findAllByLabelText": [Function],
  "findAllByPlaceholderText": [Function],
  "findAllByRole": [Function],
  "findAllByTestId": [Function],
  "findAllByText": [Function],
  "findAllByTitle": [Function],
  "findByAltText": [Function],
  "findByDisplayValue": [Function],
  "findByLabelText": [Function],
  "findByPlaceholderText": [Function],
  "findByRole": [Function],
  "findByTestId": [Function],
  "findByText": [Function],
  "findByTitle": [Function],
  "getAllByAltText": [Function],
  "getAllByDisplayValue": [Function],
  "getAllByLabelText": [Function],
  "getAllByPlaceholderText": [Function],
  "getAllByRole": [Function],
  "getAllByTestId": [Function],
  "getAllByText": [Function],
  "getAllByTitle": [Function],
  "getByAltText": [Function],
  "getByDisplayValue": [Function],
  "getByLabelText": [Function],
  "getByPlaceholderText": [Function],
  "getByRole": [Function],
  "getByTestId": [Function],
  "getByText": [Function],
  "getByTitle": [Function],
  "queryAllByAltText": [Function],
  "queryAllByDisplayValue": [Function],
  "queryAllByLabelText": [Function],
  "queryAllByPlaceholderText": [Function],
  "queryAllByRole": [Function],
  "queryAllByTestId": [Function],
  "queryAllByText": [Function],
  "queryAllByTitle": [Function],
  "queryByAltText": [Function],
  "queryByDisplayValue": [Function],
  "queryByLabelText": [Function],
  "queryByPlaceholderText": [Function],
  "queryByRole": [Function],
  "queryByTestId": [Function],
  "queryByText": [Function],
  "queryByTitle": [Function],
  "rerender": [Function],
  "unmount": [Function],
}
`;
