// Vitest Snapshot v1, https://vitest.dev/guide/snapshot.html

exports[`renders correctly 1`] = `
<div
  className="_container_d122df"
>
  <img
    alt="loading..."
    src="/src/components/Spinner/spinner.gif"
  />
</div>
`;
